\BOOKMARK [1][-]{section.1}{\376\377\225\356\230\230\221\315\217\360}{}% 1
\BOOKMARK [2][-]{subsection.1.1}{\376\377\225\356\230\230\200\314\146\157}{section.1}% 2
\BOOKMARK [2][-]{subsection.1.2}{\376\377\225\356\230\230\211\201\154\102}{section.1}% 3
\BOOKMARK [1][-]{section.2}{\376\377\225\356\230\230\122\006\147\220}{}% 4
\BOOKMARK [2][-]{subsection.2.1}{\376\377\225\356\230\230\116\000\122\006\147\220}{section.2}% 5
\BOOKMARK [2][-]{subsection.2.2}{\376\377\225\356\230\230\116\214\122\006\147\220}{section.2}% 6
\BOOKMARK [2][-]{subsection.2.3}{\376\377\225\356\230\230\116\011\122\006\147\220}{section.2}% 7
\BOOKMARK [2][-]{subsection.2.4}{\376\377\225\356\230\230\126\333\122\006\147\220}{section.2}% 8
\BOOKMARK [2][-]{subsection.2.5}{\376\377\225\356\230\230\116\224\122\006\147\220}{section.2}% 9
\BOOKMARK [1][-]{section.3}{\376\377\152\041\127\213\120\107\213\276}{}% 10
\BOOKMARK [1][-]{section.4}{\376\377\173\046\123\367\213\364\146\016}{}% 11
\BOOKMARK [1][-]{section.5}{\376\377\225\356\230\230\116\000\152\041\127\213\166\204\136\372\172\313\116\016\154\102\211\343}{}% 12
\BOOKMARK [2][-]{subsection.5.1}{\376\377\127\120\150\007\174\373\166\204\136\372\172\313}{section.5}% 13
\BOOKMARK [2][-]{subsection.5.2}{\376\377\217\320\122\250\133\146\152\041\127\213}{section.5}% 14
\BOOKMARK [2][-]{subsection.5.3}{\376\377\160\271\122\060\176\277\153\265\147\000\167\355\215\335\171\273\166\204\213\241\173\227}{section.5}% 15
\BOOKMARK [2][-]{subsection.5.4}{\376\377\152\041\127\213\154\102\211\343\176\323\147\234}{section.5}% 16
\BOOKMARK [1][-]{section.6}{\376\377\225\356\230\230\116\214\152\041\127\213\166\204\136\372\172\313\116\016\154\102\211\343}{}% 17
\BOOKMARK [1][-]{section.7}{\376\377\225\356\230\230\116\011\152\041\127\213\166\204\136\372\172\313\116\016\154\102\211\343}{}% 18
\BOOKMARK [1][-]{section.8}{\376\377\225\356\230\230\126\333\152\041\127\213\166\204\136\372\172\313\116\016\154\102\211\343}{}% 19
\BOOKMARK [2][-]{subsection.8.1}{\376\377\135\362\167\345\147\141\116\366\116\016\127\120\150\007\174\373\176\337}{section.8}% 20
\BOOKMARK [1][-]{section.9}{\376\377\225\356\230\230\116\224\152\041\127\213\166\204\136\372\172\313\116\016\154\102\211\343}{}% 21
\BOOKMARK [2][-]{subsection.9.1}{\376\377\211\306\176\277\220\156\205\075\122\044\143\156}{section.9}% 22
\BOOKMARK [1][-]{section.10}{\376\377\160\165\145\117\136\246\122\006\147\220}{}% 23
\BOOKMARK [1][-]{section.11}{\376\377\152\041\127\213\213\304\116\367\116\016\145\071\217\333}{}% 24
\BOOKMARK [2][-]{subsection.11.1}{\376\377\152\041\127\213\117\030\160\271}{section.11}% 25
\BOOKMARK [2][-]{subsection.11.2}{\376\377\152\041\127\213\116\015\215\263}{section.11}% 26
\BOOKMARK [2][-]{subsection.11.3}{\376\377\152\041\127\213\143\250\136\177}{section.11}% 27
